c:\users\jinseo\desktop\객체지향프로그래밍\consolgame\debug\vc142.pdb
c:\users\jinseo\desktop\객체지향프로그래밍\consolgame\debug\vc142.idb
c:\users\jinseo\desktop\객체지향프로그래밍\consolgame\debug\monster.obj
c:\users\jinseo\desktop\객체지향프로그래밍\consolgame\debug\main.obj
c:\users\jinseo\desktop\객체지향프로그래밍\consolgame\debug\global.obj
c:\users\jinseo\desktop\객체지향프로그래밍\consolgame\debug\player.obj
c:\users\jinseo\desktop\객체지향프로그래밍\consolgame\debug\object.obj
c:\users\jinseo\desktop\객체지향프로그래밍\consolgame\debug\livingentity.obj
c:\users\jinseo\desktop\객체지향프로그래밍\consolgame\debug\it_restore.obj
c:\users\jinseo\desktop\객체지향프로그래밍\consolgame\debug\gamemgr.obj
c:\users\jinseo\desktop\객체지향프로그래밍\consolgame\debug\it_curse.obj
c:\users\jinseo\desktop\객체지향프로그래밍\consolgame\debug\npc.obj
c:\users\jinseo\desktop\객체지향프로그래밍\consolgame\debug\dsobject.obj
c:\users\jinseo\desktop\객체지향프로그래밍\consolgame\debug\consolgame.exe
c:\users\jinseo\desktop\객체지향프로그래밍\consolgame\debug\consolgame.ilk
c:\users\jinseo\desktop\객체지향프로그래밍\consolgame\debug\consolgame.pdb
c:\users\jinseo\desktop\객체지향프로그래밍\consolgame\debug\consolgame.tlog\cl.command.1.tlog
c:\users\jinseo\desktop\객체지향프로그래밍\consolgame\debug\consolgame.tlog\cl.read.1.tlog
c:\users\jinseo\desktop\객체지향프로그래밍\consolgame\debug\consolgame.tlog\cl.write.1.tlog
c:\users\jinseo\desktop\객체지향프로그래밍\consolgame\debug\consolgame.tlog\link.command.1.tlog
c:\users\jinseo\desktop\객체지향프로그래밍\consolgame\debug\consolgame.tlog\link.read.1.tlog
c:\users\jinseo\desktop\객체지향프로그래밍\consolgame\debug\consolgame.tlog\link.write.1.tlog
